// Jest Snapshot v1, https://goo.gl/fbAQLP

exports[`should render Header without crashing 1`] = `
<header
  className="header"
>
  <img
    alt="EzyVet Logo"
    className="header__logo"
    height="60"
    src="logo.png"
    width="230"
  />
</header>
`;
